// Vitest Snapshot v1

exports[`test Example module3 > matchSnapshot 1`] = `3`;
